| test.c:4:1:6:12 | #define MACRO4(L) (L" " "suffix") | Macro used when function call would be preferred. |
