WARNING: Module DataFlow has been deprecated and may be removed in future (/Users/mathias/codeql-coding-standards/c/cert/src/rules/DCL30-C/AppropriateStorageDurationsFunctionReturn.ql:22,20-28)
WARNING: Module DataFlow has been deprecated and may be removed in future (/Users/mathias/codeql-coding-standards/c/cert/src/rules/DCL30-C/AppropriateStorageDurationsFunctionReturn.ql:26,31-39)
WARNING: Module DataFlow has been deprecated and may be removed in future (/Users/mathias/codeql-coding-standards/c/cert/src/rules/DCL30-C/AppropriateStorageDurationsFunctionReturn.ql:39,6-14)
WARNING: Module DataFlow has been deprecated and may be removed in future (/Users/mathias/codeql-coding-standards/c/cert/src/rules/DCL30-C/AppropriateStorageDurationsFunctionReturn.ql:39,26-34)
WARNING: Module DataFlow has been deprecated and may be removed in future (/Users/mathias/codeql-coding-standards/c/cert/src/rules/DCL30-C/AppropriateStorageDurationsFunctionReturn.ql:45,3-11)
| test.c:3:10:3:10 | a | $@ with automatic storage may be accessible outside of its lifetime. | test.c:3:10:3:10 | a | a |
| test.c:15:4:15:8 | param [inner post update] | $@ with automatic storage may be accessible outside of its lifetime. | test.c:15:12:15:13 | a2 | a2 |
