| test.c:2:5:2:36 | iltiqzxgfqsgigwfuyntzghvzltueeeB | External identifer iltiqzxgfqsgigwfuyntzghvzltueeeB is nondistinct in first 31 characters, compared to $@. | test.c:1:5:1:36 | iltiqzxgfqsgigwfuyntzghvzltueeeA | iltiqzxgfqsgigwfuyntzghvzltueeeA |
