| test.c:3:5:3:6 | i1 | Declaration with external linkage is accessed in only one translation unit $@. | test.c:10:3:10:4 | i1 | i1 |
| test.c:4:5:4:6 | i2 | Declaration with external linkage is accessed in only one translation unit $@. | test.c:11:3:11:4 | i2 | i2 |
| test.c:6:6:6:7 | f2 | Declaration with external linkage is accessed in only one translation unit $@. | test.c:13:3:13:4 | call to f2 | call to f2 |
