| test.c:28:3:28:13 | call to thrd_create | Possible dynamic creation of thread outside initialization in function '$@'. | test.c:27:6:27:34 | make_threads_called_from_main | make_threads_called_from_main |
| test.c:29:3:29:16 | call to pthread_create | Possible dynamic creation of thread outside initialization in function '$@'. | test.c:27:6:27:34 | make_threads_called_from_main | make_threads_called_from_main |
| test.c:37:3:37:13 | call to thrd_create | Possible dynamic creation of thread outside initialization in function '$@'. | test.c:36:6:36:51 | make_threads_called_from_func_called_from_main | make_threads_called_from_func_called_from_main |
| test.c:38:3:38:16 | call to pthread_create | Possible dynamic creation of thread outside initialization in function '$@'. | test.c:36:6:36:51 | make_threads_called_from_func_called_from_main | make_threads_called_from_func_called_from_main |
| test.c:47:3:47:13 | call to thrd_create | Possible dynamic creation of thread outside initialization in function '$@'. | test.c:46:7:46:18 | pthread_func | pthread_func |
| test.c:48:3:48:16 | call to pthread_create | Possible dynamic creation of thread outside initialization in function '$@'. | test.c:46:7:46:18 | pthread_func | pthread_func |
| test.c:56:3:56:13 | call to thrd_create | Possible dynamic creation of thread outside initialization in function '$@'. | test.c:55:5:55:13 | thrd_func | thrd_func |
| test.c:57:3:57:16 | call to pthread_create | Possible dynamic creation of thread outside initialization in function '$@'. | test.c:55:5:55:13 | thrd_func | thrd_func |
| test.c:65:3:65:13 | call to thrd_create | Possible dynamic creation of thread outside initialization in function '$@'. | test.c:64:6:64:39 | make_threads_called_from_thrd_func | make_threads_called_from_thrd_func |
| test.c:66:3:66:16 | call to pthread_create | Possible dynamic creation of thread outside initialization in function '$@'. | test.c:64:6:64:39 | make_threads_called_from_thrd_func | make_threads_called_from_thrd_func |
| test.c:74:3:74:13 | call to thrd_create | Possible dynamic creation of thread outside initialization in function '$@'. | test.c:73:6:73:59 | make_threads_called_from_func_called_from_pthread_thrd | make_threads_called_from_func_called_from_pthread_thrd |
| test.c:75:3:75:16 | call to pthread_create | Possible dynamic creation of thread outside initialization in function '$@'. | test.c:73:6:73:59 | make_threads_called_from_func_called_from_pthread_thrd | make_threads_called_from_func_called_from_pthread_thrd |
| test.c:79:3:79:13 | call to thrd_create | Possible dynamic creation of thread outside initialization in function '$@'. | test.c:78:6:78:47 | make_threads_called_from_main_pthread_thrd | make_threads_called_from_main_pthread_thrd |
| test.c:80:3:80:16 | call to pthread_create | Possible dynamic creation of thread outside initialization in function '$@'. | test.c:78:6:78:47 | make_threads_called_from_main_pthread_thrd | make_threads_called_from_main_pthread_thrd |
| test.c:84:3:84:13 | call to thrd_create | Possible dynamic creation of thread outside initialization in function '$@'. | test.c:83:6:83:38 | make_threads_not_called_by_anyone | make_threads_not_called_by_anyone |
| test.c:85:3:85:16 | call to pthread_create | Possible dynamic creation of thread outside initialization in function '$@'. | test.c:83:6:83:38 | make_threads_not_called_by_anyone | make_threads_not_called_by_anyone |
