| test.c:7:14:7:15 | x2 | Single-bit bit-field named x2 has a signed type signed int. |
| test.c:9:7:9:8 | x3 | Single-bit bit-field named x3 has a signed type signed char. |
| test.c:11:7:11:8 | x4 | Single-bit bit-field named x4 has a signed type signed short. |
| test.c:16:11:16:12 | x7 | Single-bit bit-field named x7 has a signed type int32_t. |
