| test.c:3:1:3:2 | declaration of f2 | Function declaration is implicit. |
| test.c:11:17:11:17 | declaration of f3 | Function declaration is implicit. |
