| test.c:3:15:3:16 | definition of g3 | g3 declared with an atomic void type. |
| test.c:10:17:10:18 | definition of m3 | m3 declared with an atomic void type. |
| test.c:15:22:15:23 | definition of p2 | p2 declared with an atomic void type. |
