| test.c:12:13:12:15 | 1.0 | Integer constant macro UINT8_C used with floating point literal argument, only decimal, octal, or hex integer literal allowed. |
| test.c:13:13:13:16 | - ... | Integer constant macro UINT8_C used with floating point literal argument, only decimal, octal, or hex integer literal allowed. |
| test.c:14:13:14:17 | 7 | Integer constant macro UINT8_C used with binary literal argument, only decimal, octal, or hex integer literal allowed. |
