| test.c:10:12:10:17 | call to malloc | Use of banned dynamic memory allocation. |
| test.c:13:3:13:9 | call to realloc | Use of banned dynamic memory allocation. |
| test.c:16:3:16:9 | call to realloc | Use of banned dynamic memory allocation. |
