| test.c:35:12:35:13 | declaration of g5 | The redeclaration of $@ with internal linkage misses the static specifier. | test.c:34:12:34:13 | definition of g5 | g5 |
