| test.c:55:3:55:8 | call to ungetc | Call to banned function ungetc. |
| test.c:58:3:58:7 | call to fread | Call to banned function fread. |
| test.c:60:3:60:8 | call to ungetc | Call to banned function ungetc. |
