| test.cpp:18:7:18:12 | tzname | The variable $@ reuses a reserved standard library name. | test.cpp:18:7:18:12 | tzname | tzname |
