| test.c:15:25:15:29 | func2 | The address of function func2 is taken without the & operator. |
| test.c:16:27:16:31 | func3 | The address of function func3 is taken without the & operator. |
| test.c:22:16:22:20 | func1 | The address of function func1 is taken without the & operator. |
| test.c:38:5:38:9 | func1 | The address of function func1 is taken without the & operator. |
| test.c:39:5:39:9 | func2 | The address of function func2 is taken without the & operator. |
| test.c:47:7:47:11 | func1 | The address of function func1 is taken without the & operator. |
| test.c:48:7:48:11 | func2 | The address of function func2 is taken without the & operator. |
| test.c:57:15:57:19 | func1 | The address of function func1 is taken without the & operator. |
| test.c:58:23:58:27 | func2 | The address of function func2 is taken without the & operator. |
| test.c:59:15:59:19 | func1 | The address of function func1 is taken without the & operator. |
| test.c:59:22:59:26 | func2 | The address of function func2 is taken without the & operator. |
| test.c:67:13:67:17 | func1 | The address of function func1 is taken without the & operator. |
| test.c:68:14:68:18 | func1 | The address of function func1 is taken without the & operator. |
| test.c:69:14:69:18 | func1 | The address of function func1 is taken without the & operator. |
| test.c:71:20:71:24 | func1 | The address of function func1 is taken without the & operator. |
| test.c:72:20:72:24 | func1 | The address of function func1 is taken without the & operator. |
| test.c:76:20:76:24 | func1 | The address of function func1 is taken without the & operator. |
| test.c:77:20:77:24 | func1 | The address of function func1 is taken without the & operator. |
