| test.c:4:7:4:11 | ... > ... | Controlling expression in if statement has invariant value. |
| test.c:15:10:15:16 | ... > ... | Controlling expression in loop statement has invariant value. |
| test.c:16:9:16:13 | ... > ... | Controlling expression in if statement has invariant value. |
| test.c:20:20:20:24 | ... < ... | Controlling expression in loop statement has invariant value. |
| test.c:27:10:27:14 | ... < ... | Controlling expression in loop statement has invariant value. |
