| test.c:41:13:41:13 | x | Invalid access to member '$@' on atomic struct or union. | test.c:5:7:5:7 | x | x |
| test.c:42:18:42:18 | x | Invalid access to member '$@' on atomic struct or union. | test.c:5:7:5:7 | x | x |
| test.c:43:13:43:13 | x | Invalid access to member '$@' on atomic struct or union. | test.c:5:7:5:7 | x | x |
| test.c:44:18:44:18 | x | Invalid access to member '$@' on atomic struct or union. | test.c:5:7:5:7 | x | x |
