| test.c:17:11:17:12 | definition of p5 | Parameter p5 is declared with variably-modified type, pointer to variable length array of non constant size $@ and element type 'int' | test.c:17:15:17:16 | p0 | p0 |
| test.c:18:11:18:12 | definition of p6 | Parameter p6 is declared with variably-modified type, with inner variable length array of non constant size $@ and element type 'int' | test.c:18:18:18:19 | p0 | p0 |
| test.c:19:11:19:12 | definition of p7 | Parameter p7 is declared with variably-modified type, pointer to variable length array of non constant size $@ and element type 'int[2]' | test.c:19:15:19:16 | p0 | p0 |
| test.c:20:11:20:12 | definition of p8 | Parameter p8 is declared with variably-modified type, pointer to variable length array of non constant size $@ and element type 'int[]' | test.c:20:15:20:16 | p0 | p0 |
| test.c:20:11:20:12 | definition of p8 | Parameter p8 is declared with variably-modified type, pointer to variable length array of non constant size $@ and element type 'int[]' | test.c:20:19:20:20 | p0 | p0 |
| test.c:24:12:24:13 | definition of p9 | Parameter p9 is declared with variably-modified type, pointer to variable length array of non constant size $@ and element type 'int *' | test.c:24:16:24:17 | p0 | p0 |
| test.c:25:13:25:15 | definition of p10 | Parameter p10 is declared with variably-modified type, with inner variable length array of non constant size $@ and element type 'int *' | test.c:25:18:25:19 | p0 | p0 |
| test.c:28:12:28:14 | definition of p11 | Parameter p11 is adjusted to variably-modified type, with inner variable length array of non constant size $@ and element type 'int' | test.c:28:21:28:22 | p0 | p0 |
| test.c:32:17:32:19 | definition of p13 | Parameter p13 is declared with variably-modified type, pointer to variable length array of non constant size $@ and element type 'const int' | test.c:32:22:32:23 | p0 | p0 |
| test.c:33:18:33:20 | definition of p14 | Parameter p14 is declared with variably-modified type, with inner variable length array of non constant size $@ and element type 'int' | test.c:33:23:33:24 | p0 | p0 |
| test.c:40:12:40:14 | definition of p17 | Parameter p17 is declared with variably-modified type, with inner variable length array of non constant size $@ and element type 'int' | test.c:40:24:40:25 | p0 | p0 |
| test.c:41:14:41:16 | definition of p18 | Parameter p18 is declared with variably-modified type, with inner variable length array of non constant size $@ and element type 'int' | test.c:41:27:41:28 | p0 | p0 |
| test.c:68:9:68:11 | definition of p27 | Parameter p27 is adjusted to variably-modified type, with inner variable length array of non constant size $@ and element type 'int' | test.c:68:13:68:14 | p0 | p0 |
| test.c:68:9:68:11 | definition of p27 | Parameter p27 is adjusted to variably-modified type, with inner variable length array of non constant size $@ and element type 'int' | test.c:68:17:68:18 | p0 | p0 |
| test.c:74:8:74:9 | definition of l3 | Variable l3 is declared with variably-modified type, pointer to variable length array of non constant size $@ and element type 'int' | test.c:74:12:74:13 | p0 | p0 |
| test.c:79:15:79:16 | definition of l4 | Variable l4 is declared with variably-modified type, pointer to variable length array of non constant size $@ and element type 'int' | test.c:79:19:79:20 | p0 | p0 |
| test.c:84:17:84:19 | declaration of td3 | Declaration td3 is declared with variably-modified type, with inner variable length array of non constant size $@ and element type 'int' | test.c:84:22:84:23 | p0 | p0 |
