| test.c:5:3:5:8 | call to memcpy | The object to copy $@ overlaps the object to copy $@. | test.c:5:17:5:21 | & ... | from | test.c:5:10:5:14 | & ... | to |
| test.c:7:3:7:8 | call to memcpy | The object to copy $@ overlaps the object to copy $@. | test.c:7:17:7:21 | & ... | from | test.c:7:10:7:14 | & ... | to |
| test.c:8:3:8:8 | call to memcpy | The object to copy $@ overlaps the object to copy $@. | test.c:8:17:8:17 | o | from | test.c:8:10:8:14 | ... + ... | to |
| test.c:10:3:10:8 | call to memcpy | The object to copy $@ overlaps the object to copy $@. | test.c:10:17:10:21 | ... + ... | from | test.c:10:10:10:14 | ... + ... | to |
| test.c:52:3:52:8 | call to memcpy | The object to copy $@ overlaps the object to copy $@. | test.c:52:21:52:26 | & ... | from | test.c:52:10:52:18 | & ... | to |
