| test.cpp:14:3:14:12 | declaration | This statement in function $@ is unreachable. | test.cpp:12:5:12:21 | test_after_return | test_after_return |
| test.cpp:18:10:19:12 | { ... } | This statement in function $@ is unreachable. | test.cpp:17:5:17:27 | test_constant_condition | test_constant_condition |
| test.cpp:29:10:30:12 | { ... } | This statement in function $@ is unreachable. | test.cpp:28:24:28:24 | f | f |
| test.cpp:50:12:51:14 | { ... } | This statement in function $@ is unreachable. | test.cpp:49:7:49:8 | h1 | h1 |
| test.cpp:55:12:56:14 | { ... } | This statement in function $@ is unreachable. | test.cpp:54:7:54:8 | h2 | h2 |
